// Jest Snapshot v1, https://goo.gl/fbAQLP

exports[`BProgressBar render correctly 1`] = `
<div class="progress-bar" role="progressbar" aria-valuemin="0">
  <!--v-if-->
</div>
`;
