// Jest Snapshot v1, https://goo.gl/fbAQLP

exports[`BDropdown render correctly 1`] = `
<div class="dropdown dropdown-menu-animation is-mobile-modal">
  <div tabindex="0" class="dropdown-trigger" aria-haspopup="true"><button class="trigger">trigger</button></div>
  <transition-stub name="fade" appear="false" persisted="false" css="true">
    <div class="background" aria-hidden="true" style="display: none;"></div>
  </transition-stub>
  <transition-stub name="fade" appear="false" persisted="true" css="true">
    <div class="dropdown-menu" aria-hidden="true" style="display: none;">
      <div class="dropdown-content" aria-modal="true"></div>
    </div>
  </transition-stub>
</div>
`;
