// Jest Snapshot v1, https://goo.gl/fbAQLP

exports[`BTable render correctly 1`] = `
<div class="b-table">
  <!--v-if-->
  <!--v-if-->
  <div class="table-wrapper has-mobile-cards">
    <table class="table">
      <!--v-if-->
      <!--v-if-->
      <tbody>
        <tr class="is-empty">
          <td colspan="0"></td>
        </tr>
      </tbody>
      <!--v-if-->
    </table>
    <!--v-if-->
  </div>
  <!--v-if-->
</div>
`;
