// Jest Snapshot v1, https://goo.gl/fbAQLP

exports[`BNavbarItem render correctly 1`] = `<a class="navbar-item"></a>`;
