// Jest Snapshot v1, https://goo.gl/fbAQLP

exports[`BMenuItem render correctly 1`] = `
<li><a class="">
        <!----> </a>
    <!---->
</li>
`;
