// Vitest Snapshot v1, https://vitest.dev/guide/snapshot.html

exports[`BSkeleton > render correctly 1`] = `
"<div class=\\"b-skeleton is-animated\\">
  <div class=\\"b-skeleton-item is-rounded\\"></div>
</div>"
`;
