// Jest Snapshot v1, https://goo.gl/fbAQLP

exports[`BMessage render correctly 1`] = `
<transition-stub name="fade" appear="false" persisted="true" css="true">
  <article class="message">
    <!--v-if-->
    <!--v-if-->
    <!--v-if-->
  </article>
</transition-stub>
`;
