// Jest Snapshot v1, https://goo.gl/fbAQLP

exports[`BButton render correctly 1`] = `
<button class="button" type="button">
  <!--v-if-->
  <!--v-if-->
  <!--v-if-->
</button>
`;
