// Jest Snapshot v1, https://goo.gl/fbAQLP

exports[`BField render correctly 1`] = `
<div class="field">
    <!---->
    <!---->
</div>
`;
