// Jest Snapshot v1, https://goo.gl/fbAQLP

exports[`BFieldBody render correctly 1`] = `<div class="field-body">content</div>`;
