// Jest Snapshot v1, https://goo.gl/fbAQLP

exports[`BSteps render correctly 1`] = `
<div class="b-steps">
    <nav class="steps is-animated is-rounded mobile-minimalist">
        <ul class="step-items">
            <li class="step-item is-previous"><a class="step-link is-clickable">
                    <div class="step-marker">
                        <!---->
                    </div>
                    <div class="step-details"><span class="step-title"></span></div>
                </a></li>
            <li class="step-item is-active" style="display: none;"><a class="step-link">
                    <div class="step-marker">
                        <!---->
                    </div>
                    <div class="step-details"><span class="step-title"></span></div>
                </a></li>
            <li class="step-item"><a class="step-link">
                    <div class="step-marker">
                        <!---->
                    </div>
                    <div class="step-details"><span class="step-title"></span></div>
                </a></li>
        </ul>
    </nav>
    <section class="step-content">
        <div class="step-item" style="display: none;"></div>
        <div class="step-item" style="display: none;"></div>
        <div class="step-item" style="display: none;"></div>
    </section>
    <nav class="step-navigation"><a role="button" class="pagination-previous"><span class="icon" aria-hidden="true"><i class="mdi mdi-chevron-left mdi-24px"></i></span></a> <a role="button" class="pagination-next"><span class="icon" aria-hidden="true"><i class="mdi mdi-chevron-right mdi-24px"></i></span></a></nav>
</div>
`;
