// Vitest Snapshot v1, https://vitest.dev/guide/snapshot.html

exports[`BSliderTick > render correctly 1`] = `
"<div class=\\"b-slider-tick\\" style=\\"left: 0%;\\">
  <!--v-if-->
</div>"
`;
