// Vitest Snapshot v1, https://vitest.dev/guide/snapshot.html

exports[`BProgressBar > render correctly 1`] = `
"<div class=\\"progress-bar\\" role=\\"progressbar\\" aria-valuenow=\\"20\\" aria-valuemax=\\"100\\" aria-valuemin=\\"0\\" style=\\"width: 20%;\\">
  <!--v-if-->
</div>"
`;
