// Jest Snapshot v1, https://goo.gl/fbAQLP

exports[`BTabItem render correctly 1`] = `<div class="tab-item" style="display: none;"></div>`;
