// Jest Snapshot v1, https://goo.gl/fbAQLP

exports[`BNavbarBurger render correctly 1`] = `<a role="button" class="navbar-burger burger" aria-label="menu" tabindex="0"><span aria-hidden="true"></span><span aria-hidden="true"></span><span aria-hidden="true"></span></a>`;
