// Jest Snapshot v1, https://goo.gl/fbAQLP

exports[`BCarouselList render correctly 1`] = `
<div class="carousel-list">
    <div class="carousel-slides" style="transform: translateX(0px);">
        <div class="carousel-slide is-active" style="width: 0px;">
            <b-image-stub src="https://picsum.photos/id/0/1230/500" lazy="true" responsive="true" srcsetformatter="function _default(src, size, vm) {
                    /* istanbul ignore next */cov_2apmv5zqje.f[6]++;
                    cov_2apmv5zqje.s[13]++;

                    if (typeof _config2.default.defaultImageSrcsetFormatter === 'function') {
                        /* istanbul ignore next */cov_2apmv5zqje.b[2][0]++;
                        cov_2apmv5zqje.s[14]++;

                        return _config2.default.defaultImageSrcsetFormatter(src, size);
                    } else {
                        /* istanbul ignore next */cov_2apmv5zqje.b[2][1]++;
                        cov_2apmv5zqje.s[15]++;

                        return vm.formatSrcset(src, size);
                    }
                }" title="Slide 1" image="https://picsum.photos/id/0/1230/500"></b-image-stub>
        </div>
        <div class="carousel-slide" style="width: 0px;">
            <b-image-stub src="https://picsum.photos/id/1/1230/500" lazy="true" responsive="true" srcsetformatter="function _default(src, size, vm) {
                    /* istanbul ignore next */cov_2apmv5zqje.f[6]++;
                    cov_2apmv5zqje.s[13]++;

                    if (typeof _config2.default.defaultImageSrcsetFormatter === 'function') {
                        /* istanbul ignore next */cov_2apmv5zqje.b[2][0]++;
                        cov_2apmv5zqje.s[14]++;

                        return _config2.default.defaultImageSrcsetFormatter(src, size);
                    } else {
                        /* istanbul ignore next */cov_2apmv5zqje.b[2][1]++;
                        cov_2apmv5zqje.s[15]++;

                        return vm.formatSrcset(src, size);
                    }
                }" title="Slide 2" image="https://picsum.photos/id/1/1230/500"></b-image-stub>
        </div>
        <div class="carousel-slide" style="width: 0px;">
            <b-image-stub src="https://picsum.photos/id/2/1230/500" lazy="true" responsive="true" srcsetformatter="function _default(src, size, vm) {
                    /* istanbul ignore next */cov_2apmv5zqje.f[6]++;
                    cov_2apmv5zqje.s[13]++;

                    if (typeof _config2.default.defaultImageSrcsetFormatter === 'function') {
                        /* istanbul ignore next */cov_2apmv5zqje.b[2][0]++;
                        cov_2apmv5zqje.s[14]++;

                        return _config2.default.defaultImageSrcsetFormatter(src, size);
                    } else {
                        /* istanbul ignore next */cov_2apmv5zqje.b[2][1]++;
                        cov_2apmv5zqje.s[15]++;

                        return vm.formatSrcset(src, size);
                    }
                }" title="Slide 3" image="https://picsum.photos/id/2/1230/500"></b-image-stub>
        </div>
        <div class="carousel-slide" style="width: 0px;">
            <b-image-stub src="https://picsum.photos/id/3/1230/500" lazy="true" responsive="true" srcsetformatter="function _default(src, size, vm) {
                    /* istanbul ignore next */cov_2apmv5zqje.f[6]++;
                    cov_2apmv5zqje.s[13]++;

                    if (typeof _config2.default.defaultImageSrcsetFormatter === 'function') {
                        /* istanbul ignore next */cov_2apmv5zqje.b[2][0]++;
                        cov_2apmv5zqje.s[14]++;

                        return _config2.default.defaultImageSrcsetFormatter(src, size);
                    } else {
                        /* istanbul ignore next */cov_2apmv5zqje.b[2][1]++;
                        cov_2apmv5zqje.s[15]++;

                        return vm.formatSrcset(src, size);
                    }
                }" title="Slide 4" image="https://picsum.photos/id/3/1230/500"></b-image-stub>
        </div>
        <div class="carousel-slide" style="width: 0px;">
            <b-image-stub src="https://picsum.photos/id/4/1230/500" lazy="true" responsive="true" srcsetformatter="function _default(src, size, vm) {
                    /* istanbul ignore next */cov_2apmv5zqje.f[6]++;
                    cov_2apmv5zqje.s[13]++;

                    if (typeof _config2.default.defaultImageSrcsetFormatter === 'function') {
                        /* istanbul ignore next */cov_2apmv5zqje.b[2][0]++;
                        cov_2apmv5zqje.s[14]++;

                        return _config2.default.defaultImageSrcsetFormatter(src, size);
                    } else {
                        /* istanbul ignore next */cov_2apmv5zqje.b[2][1]++;
                        cov_2apmv5zqje.s[15]++;

                        return vm.formatSrcset(src, size);
                    }
                }" title="Slide 5" image="https://picsum.photos/id/4/1230/500"></b-image-stub>
        </div>
        <div class="carousel-slide" style="width: 0px;">
            <b-image-stub src="https://picsum.photos/id/5/1230/500" lazy="true" responsive="true" srcsetformatter="function _default(src, size, vm) {
                    /* istanbul ignore next */cov_2apmv5zqje.f[6]++;
                    cov_2apmv5zqje.s[13]++;

                    if (typeof _config2.default.defaultImageSrcsetFormatter === 'function') {
                        /* istanbul ignore next */cov_2apmv5zqje.b[2][0]++;
                        cov_2apmv5zqje.s[14]++;

                        return _config2.default.defaultImageSrcsetFormatter(src, size);
                    } else {
                        /* istanbul ignore next */cov_2apmv5zqje.b[2][1]++;
                        cov_2apmv5zqje.s[15]++;

                        return vm.formatSrcset(src, size);
                    }
                }" title="Slide 6" image="https://picsum.photos/id/5/1230/500"></b-image-stub>
        </div>
        <div class="carousel-slide" style="width: 0px;">
            <b-image-stub src="https://picsum.photos/id/6/1230/500" lazy="true" responsive="true" srcsetformatter="function _default(src, size, vm) {
                    /* istanbul ignore next */cov_2apmv5zqje.f[6]++;
                    cov_2apmv5zqje.s[13]++;

                    if (typeof _config2.default.defaultImageSrcsetFormatter === 'function') {
                        /* istanbul ignore next */cov_2apmv5zqje.b[2][0]++;
                        cov_2apmv5zqje.s[14]++;

                        return _config2.default.defaultImageSrcsetFormatter(src, size);
                    } else {
                        /* istanbul ignore next */cov_2apmv5zqje.b[2][1]++;
                        cov_2apmv5zqje.s[15]++;

                        return vm.formatSrcset(src, size);
                    }
                }" title="Slide 7" image="https://picsum.photos/id/6/1230/500"></b-image-stub>
        </div>
        <div class="carousel-slide" style="width: 0px;">
            <b-image-stub src="https://picsum.photos/id/7/1230/500" lazy="true" responsive="true" srcsetformatter="function _default(src, size, vm) {
                    /* istanbul ignore next */cov_2apmv5zqje.f[6]++;
                    cov_2apmv5zqje.s[13]++;

                    if (typeof _config2.default.defaultImageSrcsetFormatter === 'function') {
                        /* istanbul ignore next */cov_2apmv5zqje.b[2][0]++;
                        cov_2apmv5zqje.s[14]++;

                        return _config2.default.defaultImageSrcsetFormatter(src, size);
                    } else {
                        /* istanbul ignore next */cov_2apmv5zqje.b[2][1]++;
                        cov_2apmv5zqje.s[15]++;

                        return vm.formatSrcset(src, size);
                    }
                }" title="Slide 8" image="https://picsum.photos/id/7/1230/500"></b-image-stub>
        </div>
    </div>
    <div class="carousel-arrow is-hovered">
        <b-icon-stub icon="chevron-left" both="true" class="has-icons-left" style="display: none;"></b-icon-stub>
        <b-icon-stub icon="chevron-right" both="true" class="has-icons-right"></b-icon-stub>
    </div>
</div>
`;
