// Jest Snapshot v1, https://goo.gl/fbAQLP

exports[`BInput render correctly 1`] = `
<div class="control is-clearfix"><input type="text" autocomplete="on" class="input">
    <!---->
    <!---->
    <!---->
</div>
`;
