// Jest Snapshot v1, https://goo.gl/fbAQLP

exports[`BDatepickerMonth render correctly 1`] = `
<section class="datepicker-table">
  <div class="datepicker-body">
    <div class="datepicker-months"><a class="is-selectable datepicker-cell" role="button" href="#" tabindex="-1">January
        <!--v-if-->
      </a><a class="is-selectable datepicker-cell" role="button" href="#" tabindex="-1">February
        <!--v-if-->
      </a><a class="is-selectable datepicker-cell" role="button" href="#" tabindex="-1">March
        <!--v-if-->
      </a><a class="is-selectable datepicker-cell" role="button" href="#" tabindex="-1">April
        <!--v-if-->
      </a><a class="is-selectable datepicker-cell" role="button" href="#">May
        <!--v-if-->
      </a><a class="is-selectable datepicker-cell" role="button" href="#" tabindex="-1">June
        <!--v-if-->
      </a><a class="is-selectable datepicker-cell" role="button" href="#" tabindex="-1">July
        <!--v-if-->
      </a><a class="is-selectable datepicker-cell" role="button" href="#" tabindex="-1">August
        <!--v-if-->
      </a><a class="is-selectable datepicker-cell" role="button" href="#" tabindex="-1">September
        <!--v-if-->
      </a><a class="is-selectable datepicker-cell" role="button" href="#" tabindex="-1">October
        <!--v-if-->
      </a><a class="is-selectable datepicker-cell" role="button" href="#" tabindex="-1">November
        <!--v-if-->
      </a><a class="is-selectable datepicker-cell" role="button" href="#" tabindex="-1">December
        <!--v-if-->
      </a></div>
  </div>
</section>
`;
