// Jest Snapshot v1, https://goo.gl/fbAQLP

exports[`BTag render correctly 1`] = `
<span class="tag"><!--v-if--><span class=""></span>
<!--v-if--></span>
`;
