// Vitest Snapshot v1, https://vitest.dev/guide/snapshot.html

exports[`BLoading > active > render correctly 1`] = `
"<transition-stub name=\\"fade\\" appear=\\"false\\" persisted=\\"false\\" css=\\"true\\">
  <div class=\\"loading-overlay is-active is-full-page\\">
    <div class=\\"loading-background\\"></div>
    <div class=\\"loading-icon\\"></div>
  </div>
</transition-stub>"
`;
