// Vitest Snapshot v1, https://vitest.dev/guide/snapshot.html

exports[`BNotification > render correctly 1`] = `
"<transition-stub name=\\"fade\\" appear=\\"false\\" persisted=\\"true\\" css=\\"true\\">
  <article class=\\"notification\\"><button class=\\"delete\\" type=\\"button\\"></button>
    <!--v-if-->
    <!--v-if-->
  </article>
</transition-stub>"
`;
