// Jest Snapshot v1, https://goo.gl/fbAQLP

exports[`BTableColumn render correctly 1`] = `<td class=""></td>`;
